Component: ARM Compiler 5.06 update 1 (build 61) Tool: armlink [4d35a8]

==============================================================================

Section Cross References

    main.o(.text) refers to segger_rtt_printf.o(.text) for SEGGER_RTT_printf
    main.o(.text) refers to app_timer.o(.text) for app_timer_init
    main.o(.text) refers to rt_memclr.o(.text) for __aeabi_memclr4
    main.o(.text) refers to ble_advdata.o(.text) for ble_advdata_set
    main.o(.text) refers to ble_control.o(.text) for ble_control_init
    main.o(.text) refers to ble_conn_params.o(.text) for ble_conn_params_init
    main.o(.text) refers to led.o(.text) for led_start
    main.o(.text) refers to app_button.o(.text) for app_button_enable
    main.o(.text) refers to rt_memcpy.o(.text) for __aeabi_memcpy
    main.o(.text) refers to main.o(.bss) for APP_TIMER_BUF
    main.o(.text) refers to main.o(.data) for hum_state
    main.o(.text) refers to pstorage.o(.text) for pstorage_sys_event_handler
    main.o(.text) refers to softdevice_handler.o(.text) for softdevice_handler_init
    main.o(.text) refers to app_scheduler.o(.text) for app_sched_init
    main.o(.text) refers to app_gpiote.o(.text) for app_gpiote_init
    main.o(.data) refers to main.o(.text) for button_event_handler
    led.o(.text) refers to main.o(.text) for app_error_handler
    ble_srv_common.o(.text) refers to main.o(.text) for app_error_handler
    ble_srv_common.o(.text) refers to strlen.o(.text) for strlen
    ble_control.o(.text) refers to rt_memclr.o(.text) for __aeabi_memclr4
    ble_control.o(.text) refers to main.o(.text) for app_error_handler
    ble_control.o(.text) refers to ble_control.o(.constdata) for .constdata
    ble_error_log.o(.text) refers to rt_memcpy.o(.emb_text) for __aeabi_memcpy4
    ble_error_log.o(.text) refers to strncpy.o(.text) for strncpy
    ble_error_log.o(.text) refers to arm_startup_nrf51.o(RESET) for __Vectors
    ble_error_log.o(.text) refers to ble_error_log.o(.bss) for m_ble_error_log
    pstorage.o(.text) refers to pstorage.o(i.__ARM_common_switch8) for __ARM_common_switch8
    pstorage.o(.text) refers to aeabi_sdiv.o(.text) for __aeabi_uidivmod
    pstorage.o(.text) refers to pstorage.o(.bss) for m_cmd_queue
    pstorage.o(.text) refers to pstorage.o(.data) for m_round_val
    pstorage.o(.text) refers to rt_memcpy.o(.text) for __aeabi_memcpy
    ble_advdata.o(.text) refers to rt_memcpy.o(.text) for __aeabi_memcpy
    app_scheduler.o(.text) refers to main.o(.text) for app_error_handler
    app_scheduler.o(.text) refers to rt_memcpy.o(.text) for __aeabi_memcpy
    app_scheduler.o(.text) refers to app_scheduler.o(.data) for m_queue_event_headers
    app_timer.o(.text) refers to app_timer.o(.emb_text) for __asm___11_app_timer_c_cd27f9c3__nrf_delay_us
    app_timer.o(.text) refers to main.o(.text) for app_error_handler
    app_timer.o(.text) refers to app_timer.o(.data) for m_rtc1_running
    ble_conn_params.o(.text) refers to rt_memcpy.o(.emb_text) for __aeabi_memcpy4
    ble_conn_params.o(.text) refers to rt_memcpy.o(.text) for __aeabi_memcpy
    ble_conn_params.o(.text) refers to app_timer.o(.text) for app_timer_create
    ble_conn_params.o(.text) refers to ble_conn_params.o(.data) for m_preferred_conn_params
    ble_conn_params.o(.text) refers to ble_conn_params.o(.bss) for m_conn_params_config
    softdevice_handler.o(.text) refers to main.o(.text) for assert_nrf_callback
    softdevice_handler.o(.text) refers to softdevice_handler.o(.data) for m_softdevice_enabled
    app_button.o(.text) refers to main.o(.text) for app_error_handler
    app_button.o(.text) refers to app_gpiote.o(.text) for app_gpiote_pins_state_get
    app_button.o(.text) refers to app_timer.o(.text) for app_timer_stop
    app_button.o(.text) refers to app_button.o(.data) for m_evt_schedule_func
    app_gpiote.o(.text) refers to rt_memclr.o(.text) for __aeabi_memclr4
    app_gpiote.o(.text) refers to app_gpiote.o(.data) for mp_users
    ble_debug_assert_handler.o(.text) refers to strncpy.o(.text) for strncpy
    ble_debug_assert_handler.o(.text) refers to ble_debug_assert_handler.o(.bss) for s_file_name
    ble_debug_assert_handler.o(.text) refers to ble_debug_assert_handler.o(.data) for s_line_num
    segger_rtt.o(.text) refers to strcpy.o(.text) for strcpy
    segger_rtt.o(.text) refers to rt_memcpy.o(.text) for __aeabi_memcpy
    segger_rtt.o(.text) refers to strlen.o(.text) for strlen
    segger_rtt.o(.text) refers to segger_rtt.o(.bss) for _SEGGER_RTT
    segger_rtt.o(.text) refers to segger_rtt.o(.data) for _aTerminalId
    segger_rtt_printf.o(.text) refers to segger_rtt.o(.text) for SEGGER_RTT_Write
    segger_rtt_printf.o(.text) refers to aeabi_sdiv.o(.text) for __aeabi_uidivmod
    segger_rtt_printf.o(.text) refers to segger_rtt_printf.o(.constdata) for _aV2C
    arm_startup_nrf51.o(STACK) refers (Special) to heapauxi.o(.text) for __use_two_region_memory
    arm_startup_nrf51.o(HEAP) refers (Special) to heapauxi.o(.text) for __use_two_region_memory
    arm_startup_nrf51.o(RESET) refers (Special) to heapauxi.o(.text) for __use_two_region_memory
    arm_startup_nrf51.o(RESET) refers to arm_startup_nrf51.o(STACK) for __initial_sp
    arm_startup_nrf51.o(RESET) refers to arm_startup_nrf51.o(.text) for Reset_Handler
    arm_startup_nrf51.o(RESET) refers to app_gpiote.o(.text) for GPIOTE_IRQHandler
    arm_startup_nrf51.o(RESET) refers to app_timer.o(.text) for RTC1_IRQHandler
    arm_startup_nrf51.o(RESET) refers to softdevice_handler.o(.text) for SWI2_IRQHandler
    arm_startup_nrf51.o(.text) refers (Special) to heapauxi.o(.text) for __use_two_region_memory
    arm_startup_nrf51.o(.text) refers to system_nrf51.o(.text) for SystemInit
    arm_startup_nrf51.o(.text) refers to __main.o(!!!main) for __main
    arm_startup_nrf51.o(.text) refers to arm_startup_nrf51.o(HEAP) for Heap_Mem
    arm_startup_nrf51.o(.text) refers to arm_startup_nrf51.o(STACK) for Stack_Mem
    system_nrf51.o(.text) refers to system_nrf51.o(.data) for SystemCoreClock
    rt_memcpy.o(.text) refers to rt_memcpy.o(.emb_text) for __aeabi_memcpy4
    strncpy.o(.text) refers to rt_memclr.o(.text) for __rt_memclr
    __main.o(!!!main) refers to __rtentry.o(.ARM.Collect$$rtentry$$00000000) for __rt_entry
    __rtentry.o(.ARM.Collect$$rtentry$$00000000) refers (Special) to __rtentry2.o(.ARM.Collect$$rtentry$$0000000A) for __rt_entry_li
    __rtentry.o(.ARM.Collect$$rtentry$$00000000) refers (Special) to __rtentry2.o(.ARM.Collect$$rtentry$$0000000D) for __rt_entry_main
    __rtentry.o(.ARM.Collect$$rtentry$$00000000) refers (Special) to __rtentry2.o(.ARM.Collect$$rtentry$$0000000C) for __rt_entry_postli_1
    __rtentry.o(.ARM.Collect$$rtentry$$00000000) refers (Special) to __rtentry2.o(.ARM.Collect$$rtentry$$00000009) for __rt_entry_postsh_1
    __rtentry.o(.ARM.Collect$$rtentry$$00000000) refers (Special) to __rtentry2.o(.ARM.Collect$$rtentry$$00000002) for __rt_entry_presh_1
    __rtentry.o(.ARM.Collect$$rtentry$$00000000) refers (Special) to __rtentry4.o(.ARM.Collect$$rtentry$$00000004) for __rt_entry_sh
    aeabi_idiv0_sigfpe.o(.text) refers to rt_div0.o(.text) for __rt_div0
    __rtentry2.o(.ARM.Collect$$rtentry$$00000008) refers to boardinit2.o(.text) for _platform_post_stackheap_init
    __rtentry2.o(.ARM.Collect$$rtentry$$0000000A) refers to libinit.o(.ARM.Collect$$libinit$$00000000) for __rt_lib_init
    __rtentry2.o(.ARM.Collect$$rtentry$$0000000B) refers to boardinit3.o(.text) for _platform_post_lib_init
    __rtentry2.o(.ARM.Collect$$rtentry$$0000000D) refers to main.o(.text) for main
    __rtentry2.o(.ARM.Collect$$rtentry$$0000000D) refers to exit.o(.text) for exit
    __rtentry2.o(.ARM.exidx) refers to __rtentry2.o(.ARM.Collect$$rtentry$$00000001) for .ARM.Collect$$rtentry$$00000001
    __rtentry2.o(.ARM.exidx) refers to __rtentry2.o(.ARM.Collect$$rtentry$$00000008) for .ARM.Collect$$rtentry$$00000008
    __rtentry2.o(.ARM.exidx) refers to __rtentry2.o(.ARM.Collect$$rtentry$$0000000A) for .ARM.Collect$$rtentry$$0000000A
    __rtentry2.o(.ARM.exidx) refers to __rtentry2.o(.ARM.Collect$$rtentry$$0000000B) for .ARM.Collect$$rtentry$$0000000B
    __rtentry2.o(.ARM.exidx) refers to __rtentry2.o(.ARM.Collect$$rtentry$$0000000D) for .ARM.Collect$$rtentry$$0000000D
    __rtentry4.o(.ARM.Collect$$rtentry$$00000004) refers to sys_stackheap_outer.o(.text) for __user_setup_stackheap
    __rtentry4.o(.ARM.exidx) refers to __rtentry4.o(.ARM.Collect$$rtentry$$00000004) for .ARM.Collect$$rtentry$$00000004
    rt_div0.o(.text) refers to defsig_fpe_outer.o(.text) for __rt_SIGFPE
    sys_stackheap_outer.o(.text) refers to libspace.o(.text) for __user_perproc_libspace
    sys_stackheap_outer.o(.text) refers to arm_startup_nrf51.o(.text) for __user_initial_stackheap
    sys_stackheap_outer.o(__vectab_stack_and_reset_area) refers to tempstk.o(.text) for __temporary_stack_top
    sys_stackheap_outer.o(__vectab_stack_and_reset_area) refers to __main.o(!!!main) for __main
    exit.o(.text) refers to rtexit.o(.ARM.Collect$$rtexit$$00000000) for __rt_exit
    defsig_fpe_outer.o(.text) refers to defsig_fpe_inner.o(.text) for __rt_SIGFPE_inner
    defsig_fpe_outer.o(.text) refers to defsig_exit.o(.text) for __sig_exit
    defsig_fpe_formal.o(.text) refers to rt_raise.o(.text) for __rt_raise
    libinit.o(.ARM.Collect$$libinit$$00000000) refers (Special) to libinit2.o(.ARM.Collect$$libinit$$0000002E) for __rt_lib_init_alloca_1
    libinit.o(.ARM.Collect$$libinit$$00000000) refers (Special) to libinit2.o(.ARM.Collect$$libinit$$0000002C) for __rt_lib_init_argv_1
    libinit.o(.ARM.Collect$$libinit$$00000000) refers (Special) to libinit2.o(.ARM.Collect$$libinit$$0000001B) for __rt_lib_init_atexit_1
    libinit.o(.ARM.Collect$$libinit$$00000000) refers (Special) to libinit2.o(.ARM.Collect$$libinit$$00000021) for __rt_lib_init_clock_1
    libinit.o(.ARM.Collect$$libinit$$00000000) refers (Special) to libinit2.o(.ARM.Collect$$libinit$$00000032) for __rt_lib_init_cpp_1
    libinit.o(.ARM.Collect$$libinit$$00000000) refers (Special) to libinit2.o(.ARM.Collect$$libinit$$00000030) for __rt_lib_init_exceptions_1
    libinit.o(.ARM.Collect$$libinit$$00000000) refers (Special) to libinit2.o(.ARM.Collect$$libinit$$00000002) for __rt_lib_init_fp_1
    libinit.o(.ARM.Collect$$libinit$$00000000) refers (Special) to libinit2.o(.ARM.Collect$$libinit$$0000001F) for __rt_lib_init_fp_trap_1
    libinit.o(.ARM.Collect$$libinit$$00000000) refers (Special) to libinit2.o(.ARM.Collect$$libinit$$00000023) for __rt_lib_init_getenv_1
    libinit.o(.ARM.Collect$$libinit$$00000000) refers (Special) to libinit2.o(.ARM.Collect$$libinit$$0000000A) for __rt_lib_init_heap_1
    libinit.o(.ARM.Collect$$libinit$$00000000) refers (Special) to libinit2.o(.ARM.Collect$$libinit$$00000011) for __rt_lib_init_lc_collate_1
    libinit.o(.ARM.Collect$$libinit$$00000000) refers (Special) to libinit2.o(.ARM.Collect$$libinit$$00000013) for __rt_lib_init_lc_ctype_1
    libinit.o(.ARM.Collect$$libinit$$00000000) refers (Special) to libinit2.o(.ARM.Collect$$libinit$$00000015) for __rt_lib_init_lc_monetary_1
    libinit.o(.ARM.Collect$$libinit$$00000000) refers (Special) to libinit2.o(.ARM.Collect$$libinit$$00000017) for __rt_lib_init_lc_numeric_1
    libinit.o(.ARM.Collect$$libinit$$00000000) refers (Special) to libinit2.o(.ARM.Collect$$libinit$$00000019) for __rt_lib_init_lc_time_1
    libinit.o(.ARM.Collect$$libinit$$00000000) refers (Special) to libinit2.o(.ARM.Collect$$libinit$$00000004) for __rt_lib_init_preinit_1
    libinit.o(.ARM.Collect$$libinit$$00000000) refers (Special) to libinit2.o(.ARM.Collect$$libinit$$0000000E) for __rt_lib_init_rand_1
    libinit.o(.ARM.Collect$$libinit$$00000000) refers (Special) to libinit2.o(.ARM.Collect$$libinit$$00000033) for __rt_lib_init_return
    libinit.o(.ARM.Collect$$libinit$$00000000) refers (Special) to libinit2.o(.ARM.Collect$$libinit$$0000001D) for __rt_lib_init_signal_1
    libinit.o(.ARM.Collect$$libinit$$00000000) refers (Special) to libinit2.o(.ARM.Collect$$libinit$$00000025) for __rt_lib_init_stdio_1
    libinit.o(.ARM.Collect$$libinit$$00000000) refers (Special) to libinit2.o(.ARM.Collect$$libinit$$0000000C) for __rt_lib_init_user_alloc_1
    libspace.o(.text) refers to libspace.o(.bss) for __libspace_start
    rtexit.o(.ARM.Collect$$rtexit$$00000000) refers (Special) to rtexit2.o(.ARM.Collect$$rtexit$$00000004) for __rt_exit_exit
    rtexit.o(.ARM.Collect$$rtexit$$00000000) refers (Special) to rtexit2.o(.ARM.Collect$$rtexit$$00000003) for __rt_exit_ls
    rtexit.o(.ARM.Collect$$rtexit$$00000000) refers (Special) to rtexit2.o(.ARM.Collect$$rtexit$$00000002) for __rt_exit_prels_1
    rtexit.o(.ARM.exidx) refers (Special) to rtexit2.o(.ARM.Collect$$rtexit$$00000004) for __rt_exit_exit
    rtexit.o(.ARM.exidx) refers (Special) to rtexit2.o(.ARM.Collect$$rtexit$$00000003) for __rt_exit_ls
    rtexit.o(.ARM.exidx) refers (Special) to rtexit2.o(.ARM.Collect$$rtexit$$00000002) for __rt_exit_prels_1
    rtexit.o(.ARM.exidx) refers to rtexit.o(.ARM.Collect$$rtexit$$00000000) for .ARM.Collect$$rtexit$$00000000
    rt_raise.o(.text) refers to __raise.o(.text) for __raise
    rt_raise.o(.text) refers to sys_exit.o(.text) for _sys_exit
    defsig_exit.o(.text) refers to sys_exit.o(.text) for _sys_exit
    defsig_fpe_inner.o(.text) refers to defsig_general.o(.text) for __default_signal_display
    libinit2.o(.ARM.Collect$$libinit$$00000010) refers to libinit2.o(.ARM.Collect$$libinit$$0000000F) for .ARM.Collect$$libinit$$0000000F
    libinit2.o(.ARM.Collect$$libinit$$00000012) refers to libinit2.o(.ARM.Collect$$libinit$$0000000F) for .ARM.Collect$$libinit$$0000000F
    libinit2.o(.ARM.Collect$$libinit$$00000014) refers to libinit2.o(.ARM.Collect$$libinit$$0000000F) for .ARM.Collect$$libinit$$0000000F
    libinit2.o(.ARM.Collect$$libinit$$00000016) refers to libinit2.o(.ARM.Collect$$libinit$$0000000F) for .ARM.Collect$$libinit$$0000000F
    libinit2.o(.ARM.Collect$$libinit$$00000018) refers to libinit2.o(.ARM.Collect$$libinit$$0000000F) for .ARM.Collect$$libinit$$0000000F
    libinit2.o(.ARM.Collect$$libinit$$00000026) refers to argv_veneer.o(.text) for __ARM_argv_veneer
    libinit2.o(.ARM.Collect$$libinit$$00000027) refers to argv_veneer.o(.text) for __ARM_argv_veneer
    sys_exit.o(.text) refers (Special) to use_no_semi.o(.text) for __I$use$semihosting
    sys_exit.o(.text) refers (Special) to indicate_semi.o(.text) for __semihosting_library_function
    rtexit2.o(.ARM.Collect$$rtexit$$00000003) refers to libshutdown.o(.ARM.Collect$$libshutdown$$00000000) for __rt_lib_shutdown
    rtexit2.o(.ARM.Collect$$rtexit$$00000004) refers to sys_exit.o(.text) for _sys_exit
    rtexit2.o(.ARM.exidx) refers to rtexit2.o(.ARM.Collect$$rtexit$$00000001) for .ARM.Collect$$rtexit$$00000001
    rtexit2.o(.ARM.exidx) refers to rtexit2.o(.ARM.Collect$$rtexit$$00000003) for .ARM.Collect$$rtexit$$00000003
    rtexit2.o(.ARM.exidx) refers to rtexit2.o(.ARM.Collect$$rtexit$$00000004) for .ARM.Collect$$rtexit$$00000004
    __raise.o(.text) refers to defsig.o(CL$$defsig) for __default_signal_handler
    defsig_general.o(.text) refers to sys_wrch.o(.text) for _ttywrch
    sys_wrch.o(.text) refers (Special) to use_no_semi.o(.text) for __I$use$semihosting
    sys_wrch.o(.text) refers (Special) to indicate_semi.o(.text) for __semihosting_library_function
    defsig.o(CL$$defsig) refers to defsig_fpe_inner.o(.text) for __rt_SIGFPE_inner
    defsig.o(CL$$defsig) refers to defsig_rtmem_inner.o(.text) for __rt_SIGRTMEM_inner
    _get_argv_nomalloc.o(.text) refers (Special) to hrguard.o(.text) for __heap_region$guard
    _get_argv_nomalloc.o(.text) refers to defsig_rtmem_outer.o(.text) for __rt_SIGRTMEM
    _get_argv_nomalloc.o(.text) refers to sys_command.o(.text) for _sys_command_string
    libshutdown.o(.ARM.Collect$$libshutdown$$00000000) refers (Special) to libshutdown2.o(.ARM.Collect$$libshutdown$$00000002) for __rt_lib_shutdown_cpp_1
    libshutdown.o(.ARM.Collect$$libshutdown$$00000000) refers (Special) to libshutdown2.o(.ARM.Collect$$libshutdown$$00000007) for __rt_lib_shutdown_fp_trap_1
    libshutdown.o(.ARM.Collect$$libshutdown$$00000000) refers (Special) to libshutdown2.o(.ARM.Collect$$libshutdown$$0000000F) for __rt_lib_shutdown_heap_1
    libshutdown.o(.ARM.Collect$$libshutdown$$00000000) refers (Special) to libshutdown2.o(.ARM.Collect$$libshutdown$$00000010) for __rt_lib_shutdown_return
    libshutdown.o(.ARM.Collect$$libshutdown$$00000000) refers (Special) to libshutdown2.o(.ARM.Collect$$libshutdown$$0000000A) for __rt_lib_shutdown_signal_1
    libshutdown.o(.ARM.Collect$$libshutdown$$00000000) refers (Special) to libshutdown2.o(.ARM.Collect$$libshutdown$$00000004) for __rt_lib_shutdown_stdio_1
    libshutdown.o(.ARM.Collect$$libshutdown$$00000000) refers (Special) to libshutdown2.o(.ARM.Collect$$libshutdown$$0000000C) for __rt_lib_shutdown_user_alloc_1
    sys_command.o(.text) refers (Special) to use_no_semi.o(.text) for __I$use$semihosting
    sys_command.o(.text) refers (Special) to indicate_semi.o(.text) for __semihosting_library_function
    defsig_abrt_inner.o(.text) refers to defsig_general.o(.text) for __default_signal_display
    defsig_rtred_inner.o(.text) refers to defsig_general.o(.text) for __default_signal_display
    defsig_rtmem_inner.o(.text) refers to defsig_general.o(.text) for __default_signal_display
    defsig_rtmem_outer.o(.text) refers to defsig_rtmem_inner.o(.text) for __rt_SIGRTMEM_inner
    defsig_rtmem_outer.o(.text) refers to defsig_exit.o(.text) for __sig_exit
    defsig_rtmem_formal.o(.text) refers to rt_raise.o(.text) for __rt_raise
    defsig_stak_inner.o(.text) refers to defsig_general.o(.text) for __default_signal_display
    defsig_pvfn_inner.o(.text) refers to defsig_general.o(.text) for __default_signal_display
    defsig_cppl_inner.o(.text) refers to defsig_general.o(.text) for __default_signal_display
    defsig_segv_inner.o(.text) refers to defsig_general.o(.text) for __default_signal_display
    defsig_other.o(.text) refers to defsig_general.o(.text) for __default_signal_display


==============================================================================

Removing Unused input sections from the image.

    Removing main.o(.rev16_text), (4 bytes).
    Removing main.o(.revsh_text), (4 bytes).
    Removing led.o(.rev16_text), (4 bytes).
    Removing led.o(.revsh_text), (4 bytes).
    Removing ble_srv_common.o(.text), (124 bytes).
    Removing ble_error_log.o(.rev16_text), (4 bytes).
    Removing ble_error_log.o(.revsh_text), (4 bytes).
    Removing ble_error_log.o(.text), (96 bytes).
    Removing ble_error_log.o(.bss), (392 bytes).
    Removing pstorage.o(.rev16_text), (4 bytes).
    Removing pstorage.o(.revsh_text), (4 bytes).
    Removing crc16.o(.text), (68 bytes).
    Removing app_scheduler.o(.rev16_text), (4 bytes).
    Removing app_scheduler.o(.revsh_text), (4 bytes).
    Removing app_timer.o(.rev16_text), (4 bytes).
    Removing app_timer.o(.revsh_text), (4 bytes).
    Removing softdevice_handler.o(.rev16_text), (4 bytes).
    Removing softdevice_handler.o(.revsh_text), (4 bytes).
    Removing app_button.o(.rev16_text), (4 bytes).
    Removing app_button.o(.revsh_text), (4 bytes).
    Removing app_gpiote.o(.rev16_text), (4 bytes).
    Removing app_gpiote.o(.revsh_text), (4 bytes).
    Removing ble_debug_assert_handler.o(.rev16_text), (4 bytes).
    Removing ble_debug_assert_handler.o(.revsh_text), (4 bytes).
    Removing ble_debug_assert_handler.o(.text), (60 bytes).
    Removing ble_debug_assert_handler.o(.bss), (128 bytes).
    Removing ble_debug_assert_handler.o(.data), (8 bytes).
    Removing system_nrf51.o(.rev16_text), (4 bytes).
    Removing system_nrf51.o(.revsh_text), (4 bytes).

29 unused section(s) (total 964 bytes) removed from the image.

==============================================================================

Image Symbol Table

    Local Symbols

    Symbol Name                              Value     Ov Type        Size  Object(Section)

    ../clib/angel/boardlib.s                 0x00000000   Number         0  boardinit3.o ABSOLUTE
    ../clib/angel/boardlib.s                 0x00000000   Number         0  boardinit2.o ABSOLUTE
    ../clib/angel/boardlib.s                 0x00000000   Number         0  boardshut.o ABSOLUTE
    ../clib/angel/boardlib.s                 0x00000000   Number         0  boardinit1.o ABSOLUTE
    ../clib/angel/handlers.s                 0x00000000   Number         0  __scatter_zi.o ABSOLUTE
    ../clib/angel/handlers.s                 0x00000000   Number         0  __scatter_copy.o ABSOLUTE
    ../clib/angel/kernel.s                   0x00000000   Number         0  __rtentry.o ABSOLUTE
    ../clib/angel/kernel.s                   0x00000000   Number         0  rtexit2.o ABSOLUTE
    ../clib/angel/kernel.s                   0x00000000   Number         0  rtexit.o ABSOLUTE
    ../clib/angel/kernel.s                   0x00000000   Number         0  __rtentry2.o ABSOLUTE
    ../clib/angel/kernel.s                   0x00000000   Number         0  __rtentry4.o ABSOLUTE
    ../clib/angel/rt.s                       0x00000000   Number         0  rt_div0.o ABSOLUTE
    ../clib/angel/rt.s                       0x00000000   Number         0  aeabi_idiv0.o ABSOLUTE
    ../clib/angel/rt.s                       0x00000000   Number         0  aeabi_idiv0_sigfpe.o ABSOLUTE
    ../clib/angel/rt.s                       0x00000000   Number         0  rt_raise.o ABSOLUTE
    ../clib/angel/scatterp.s                 0x00000000   Number         0  __scatter.o ABSOLUTE
    ../clib/angel/startup.s                  0x00000000   Number         0  __main.o ABSOLUTE
    ../clib/angel/sys.s                      0x00000000   Number         0  libspace.o ABSOLUTE
    ../clib/angel/sys.s                      0x00000000   Number         0  tempstk.o ABSOLUTE
    ../clib/angel/sys.s                      0x00000000   Number         0  indicate_semi.o ABSOLUTE
    ../clib/angel/sys.s                      0x00000000   Number         0  sys_stackheap_outer.o ABSOLUTE
    ../clib/angel/sys.s                      0x00000000   Number         0  use_no_semi.o ABSOLUTE
    ../clib/angel/sysapp.c                   0x00000000   Number         0  sys_exit.o ABSOLUTE
    ../clib/angel/sysapp.c                   0x00000000   Number         0  sys_command.o ABSOLUTE
    ../clib/angel/sysapp.c                   0x00000000   Number         0  sys_wrch.o ABSOLUTE
    ../clib/armsys.c                         0x00000000   Number         0  argv_veneer.o ABSOLUTE
    ../clib/armsys.c                         0x00000000   Number         0  _get_argv_nomalloc.o ABSOLUTE
    ../clib/armsys.c                         0x00000000   Number         0  no_argv.o ABSOLUTE
    ../clib/division.s                       0x00000000   Number         0  aeabi_sdiv_div0.o ABSOLUTE
    ../clib/division.s                       0x00000000   Number         0  aeabi_sdiv.o ABSOLUTE
    ../clib/heapalloc.c                      0x00000000   Number         0  hrguard.o ABSOLUTE
    ../clib/heapaux.c                        0x00000000   Number         0  heapauxi.o ABSOLUTE
    ../clib/libinit.s                        0x00000000   Number         0  libinit.o ABSOLUTE
    ../clib/libinit.s                        0x00000000   Number         0  libinit2.o ABSOLUTE
    ../clib/libinit.s                        0x00000000   Number         0  libshutdown.o ABSOLUTE
    ../clib/libinit.s                        0x00000000   Number         0  libshutdown2.o ABSOLUTE
    ../clib/memcpset.c                       0x00000000   Number         0  rt_memclr.o ABSOLUTE
    ../clib/memcpset.c                       0x00000000   Number         0  rt_memcpy.o ABSOLUTE
    ../clib/memcpset.c                       0x00000000   Number         0  rt_memcpy.o ABSOLUTE
    ../clib/signal.c                         0x00000000   Number         0  defsig_rtred_inner.o ABSOLUTE
    ../clib/signal.c                         0x00000000   Number         0  defsig_abrt_inner.o ABSOLUTE
    ../clib/signal.c                         0x00000000   Number         0  defsig_fpe_outer.o ABSOLUTE
    ../clib/signal.c                         0x00000000   Number         0  defsig_fpe_formal.o ABSOLUTE
    ../clib/signal.c                         0x00000000   Number         0  defsig_exit.o ABSOLUTE
    ../clib/signal.c                         0x00000000   Number         0  defsig_fpe_inner.o ABSOLUTE
    ../clib/signal.c                         0x00000000   Number         0  defsig_cppl_inner.o ABSOLUTE
    ../clib/signal.c                         0x00000000   Number         0  __raise.o ABSOLUTE
    ../clib/signal.c                         0x00000000   Number         0  defsig_general.o ABSOLUTE
    ../clib/signal.c                         0x00000000   Number         0  defsig_other.o ABSOLUTE
    ../clib/signal.c                         0x00000000   Number         0  defsig_segv_inner.o ABSOLUTE
    ../clib/signal.c                         0x00000000   Number         0  defsig_pvfn_inner.o ABSOLUTE
    ../clib/signal.c                         0x00000000   Number         0  defsig_stak_inner.o ABSOLUTE
    ../clib/signal.c                         0x00000000   Number         0  defsig_rtmem_formal.o ABSOLUTE
    ../clib/signal.c                         0x00000000   Number         0  defsig_rtmem_outer.o ABSOLUTE
    ../clib/signal.c                         0x00000000   Number         0  defsig_rtmem_inner.o ABSOLUTE
    ../clib/signal.s                         0x00000000   Number         0  defsig.o ABSOLUTE
    ../clib/stdlib.c                         0x00000000   Number         0  exit.o ABSOLUTE
    ../clib/string.c                         0x00000000   Number         0  strcpy.o ABSOLUTE
    ../clib/string.c                         0x00000000   Number         0  strlen.o ABSOLUTE
    ../clib/string.c                         0x00000000   Number         0  strncpy.o ABSOLUTE
    ../fplib/cfplib/fpinit.c                 0x00000000   Number         0  fpinit.o ABSOLUTE
    ..\SEGGER_RTT.c                          0x00000000   Number         0  segger_rtt.o ABSOLUTE
    ..\SEGGER_RTT_printf.c                   0x00000000   Number         0  segger_rtt_printf.o ABSOLUTE
    ..\Source\app_common\app_button.c        0x00000000   Number         0  app_button.o ABSOLUTE
    ..\Source\app_common\app_gpiote.c        0x00000000   Number         0  app_gpiote.o ABSOLUTE
    ..\Source\app_common\app_scheduler.c     0x00000000   Number         0  app_scheduler.o ABSOLUTE
    ..\Source\app_common\app_timer.c         0x00000000   Number         0  app_timer.o ABSOLUTE
    ..\Source\app_common\crc16.c             0x00000000   Number         0  crc16.o ABSOLUTE
    ..\Source\app_common\pstorage.c          0x00000000   Number         0  pstorage.o ABSOLUTE
    ..\Source\ble\ble_advdata.c              0x00000000   Number         0  ble_advdata.o ABSOLUTE
    ..\Source\ble\ble_conn_params.c          0x00000000   Number         0  ble_conn_params.o ABSOLUTE
    ..\Source\ble\ble_debug_assert_handler.c 0x00000000   Number         0  ble_debug_assert_handler.o ABSOLUTE
    ..\Source\ble\ble_error_log.c            0x00000000   Number         0  ble_error_log.o ABSOLUTE
    ..\Source\ble\ble_services\ble_srv_common.c 0x00000000   Number         0  ble_srv_common.o ABSOLUTE
    ..\Source\sd_common\softdevice_handler.c 0x00000000   Number         0  softdevice_handler.o ABSOLUTE
    ..\\Source\\app_common\\app_button.c     0x00000000   Number         0  app_button.o ABSOLUTE
    ..\\Source\\app_common\\app_gpiote.c     0x00000000   Number         0  app_gpiote.o ABSOLUTE
    ..\\Source\\app_common\\app_scheduler.c  0x00000000   Number         0  app_scheduler.o ABSOLUTE
    ..\\Source\\app_common\\app_timer.c      0x00000000   Number         0  app_timer.o ABSOLUTE
    ..\\Source\\app_common\\pstorage.c       0x00000000   Number         0  pstorage.o ABSOLUTE
    ..\\Source\\ble\\ble_debug_assert_handler.c 0x00000000   Number         0  ble_debug_assert_handler.o ABSOLUTE
    ..\\Source\\ble\\ble_error_log.c         0x00000000   Number         0  ble_error_log.o ABSOLUTE
    ..\\Source\\sd_common\\softdevice_handler.c 0x00000000   Number         0  softdevice_handler.o ABSOLUTE
    ..\\led.c                                0x00000000   Number         0  led.o ABSOLUTE
    ..\\main.c                               0x00000000   Number         0  main.o ABSOLUTE
    ..\ble_control.c                         0x00000000   Number         0  ble_control.o ABSOLUTE
    ..\led.c                                 0x00000000   Number         0  led.o ABSOLUTE
    ..\main.c                                0x00000000   Number         0  main.o ABSOLUTE
    RTE\Device\nRF51822_xxAA\arm_startup_nrf51.s 0x00000000   Number         0  arm_startup_nrf51.o ABSOLUTE
    RTE\Device\nRF51822_xxAA\system_nrf51.c  0x00000000   Number         0  system_nrf51.o ABSOLUTE
    RTE\\Device\\nRF51822_xxAA\\system_nrf51.c 0x00000000   Number         0  system_nrf51.o ABSOLUTE
    dc.s                                     0x00000000   Number         0  dc.o ABSOLUTE
    RESET                                    0x00016000   Section      192  arm_startup_nrf51.o(RESET)
    !!!main                                  0x000160c0   Section        8  __main.o(!!!main)
    !!!scatter                               0x000160c8   Section       60  __scatter.o(!!!scatter)
    !!handler_copy                           0x00016104   Section       26  __scatter_copy.o(!!handler_copy)
    !!handler_zi                             0x00016120   Section       28  __scatter_zi.o(!!handler_zi)
    .ARM.Collect$$libinit$$00000000          0x0001613c   Section        2  libinit.o(.ARM.Collect$$libinit$$00000000)
    .ARM.Collect$$libinit$$00000002          0x0001613e   Section        0  libinit2.o(.ARM.Collect$$libinit$$00000002)
    .ARM.Collect$$libinit$$00000004          0x0001613e   Section        0  libinit2.o(.ARM.Collect$$libinit$$00000004)
    .ARM.Collect$$libinit$$0000000A          0x0001613e   Section        0  libinit2.o(.ARM.Collect$$libinit$$0000000A)
    .ARM.Collect$$libinit$$0000000C          0x0001613e   Section        0  libinit2.o(.ARM.Collect$$libinit$$0000000C)
    .ARM.Collect$$libinit$$0000000E          0x0001613e   Section        0  libinit2.o(.ARM.Collect$$libinit$$0000000E)
    .ARM.Collect$$libinit$$00000011          0x0001613e   Section        0  libinit2.o(.ARM.Collect$$libinit$$00000011)
    .ARM.Collect$$libinit$$00000013          0x0001613e   Section        0  libinit2.o(.ARM.Collect$$libinit$$00000013)
    .ARM.Collect$$libinit$$00000015          0x0001613e   Section        0  libinit2.o(.ARM.Collect$$libinit$$00000015)
    .ARM.Collect$$libinit$$00000017          0x0001613e   Section        0  libinit2.o(.ARM.Collect$$libinit$$00000017)
    .ARM.Collect$$libinit$$00000019          0x0001613e   Section        0  libinit2.o(.ARM.Collect$$libinit$$00000019)
    .ARM.Collect$$libinit$$0000001B          0x0001613e   Section        0  libinit2.o(.ARM.Collect$$libinit$$0000001B)
    .ARM.Collect$$libinit$$0000001D          0x0001613e   Section        0  libinit2.o(.ARM.Collect$$libinit$$0000001D)
    .ARM.Collect$$libinit$$0000001F          0x0001613e   Section        0  libinit2.o(.ARM.Collect$$libinit$$0000001F)
    .ARM.Collect$$libinit$$00000021          0x0001613e   Section        0  libinit2.o(.ARM.Collect$$libinit$$00000021)
    .ARM.Collect$$libinit$$00000023          0x0001613e   Section        0  libinit2.o(.ARM.Collect$$libinit$$00000023)
    .ARM.Collect$$libinit$$00000025          0x0001613e   Section        0  libinit2.o(.ARM.Collect$$libinit$$00000025)
    .ARM.Collect$$libinit$$0000002C          0x0001613e   Section        0  libinit2.o(.ARM.Collect$$libinit$$0000002C)
    .ARM.Collect$$libinit$$0000002E          0x0001613e   Section        0  libinit2.o(.ARM.Collect$$libinit$$0000002E)
    .ARM.Collect$$libinit$$00000030          0x0001613e   Section        0  libinit2.o(.ARM.Collect$$libinit$$00000030)
    .ARM.Collect$$libinit$$00000032          0x0001613e   Section        0  libinit2.o(.ARM.Collect$$libinit$$00000032)
    .ARM.Collect$$libinit$$00000033          0x0001613e   Section        2  libinit2.o(.ARM.Collect$$libinit$$00000033)
    .ARM.Collect$$libshutdown$$00000000      0x00016140   Section        2  libshutdown.o(.ARM.Collect$$libshutdown$$00000000)
    .ARM.Collect$$libshutdown$$00000002      0x00016142   Section        0  libshutdown2.o(.ARM.Collect$$libshutdown$$00000002)
    .ARM.Collect$$libshutdown$$00000004      0x00016142   Section        0  libshutdown2.o(.ARM.Collect$$libshutdown$$00000004)
    .ARM.Collect$$libshutdown$$00000007      0x00016142   Section        0  libshutdown2.o(.ARM.Collect$$libshutdown$$00000007)
    .ARM.Collect$$libshutdown$$0000000A      0x00016142   Section        0  libshutdown2.o(.ARM.Collect$$libshutdown$$0000000A)
    .ARM.Collect$$libshutdown$$0000000C      0x00016142   Section        0  libshutdown2.o(.ARM.Collect$$libshutdown$$0000000C)
    .ARM.Collect$$libshutdown$$0000000F      0x00016142   Section        0  libshutdown2.o(.ARM.Collect$$libshutdown$$0000000F)
    .ARM.Collect$$libshutdown$$00000010      0x00016142   Section        2  libshutdown2.o(.ARM.Collect$$libshutdown$$00000010)
    .ARM.Collect$$rtentry$$00000000          0x00016144   Section        0  __rtentry.o(.ARM.Collect$$rtentry$$00000000)
    .ARM.Collect$$rtentry$$00000002          0x00016144   Section        0  __rtentry2.o(.ARM.Collect$$rtentry$$00000002)
    .ARM.Collect$$rtentry$$00000004          0x00016144   Section        6  __rtentry4.o(.ARM.Collect$$rtentry$$00000004)
    .ARM.Collect$$rtentry$$00000009          0x0001614a   Section        0  __rtentry2.o(.ARM.Collect$$rtentry$$00000009)
    .ARM.Collect$$rtentry$$0000000A          0x0001614a   Section        4  __rtentry2.o(.ARM.Collect$$rtentry$$0000000A)
    .ARM.Collect$$rtentry$$0000000C          0x0001614e   Section        0  __rtentry2.o(.ARM.Collect$$rtentry$$0000000C)
    .ARM.Collect$$rtentry$$0000000D          0x0001614e   Section        8  __rtentry2.o(.ARM.Collect$$rtentry$$0000000D)
    .ARM.Collect$$rtexit$$00000000           0x00016156   Section        2  rtexit.o(.ARM.Collect$$rtexit$$00000000)
    .ARM.Collect$$rtexit$$00000002           0x00016158   Section        0  rtexit2.o(.ARM.Collect$$rtexit$$00000002)
    .ARM.Collect$$rtexit$$00000003           0x00016158   Section        4  rtexit2.o(.ARM.Collect$$rtexit$$00000003)
    .ARM.Collect$$rtexit$$00000004           0x0001615c   Section        6  rtexit2.o(.ARM.Collect$$rtexit$$00000004)
    .emb_text                                0x00016164   Section       30  app_timer.o(.emb_text)
    .emb_text                                0x00016184   Section       56  rt_memcpy.o(.emb_text)
    .text                                    0x000161bc   Section        0  main.o(.text)
    power_manage                             0x000161d1   Thumb Code    32  main.o(.text)
    leds_init                                0x00016203   Thumb Code    16  main.o(.text)
    timers_init                              0x00016213   Thumb Code    50  main.o(.text)
    gap_params_init                          0x00016245   Thumb Code   124  main.o(.text)
    advertising_init                         0x000162c1   Thumb Code   100  main.o(.text)
    control_write_handler                    0x00016325   Thumb Code    38  main.o(.text)
    services_init                            0x0001634b   Thumb Code    42  main.o(.text)
    sec_params_init                          0x00016375   Thumb Code    66  main.o(.text)
    on_conn_params_evt                       0x000163b7   Thumb Code    46  main.o(.text)
    conn_params_error_handler                0x000163e5   Thumb Code    20  main.o(.text)
    conn_params_init                         0x000163f9   Thumb Code    84  main.o(.text)
    advertising_start                        0x0001644d   Thumb Code    70  main.o(.text)
    on_ble_evt                               0x00016493   Thumb Code   452  main.o(.text)
    ble_evt_dispatch                         0x00016657   Thumb Code    26  main.o(.text)
    sys_evt_dispatch                         0x00016671   Thumb Code    12  main.o(.text)
    ble_stack_init                           0x0001667d   Thumb Code   154  main.o(.text)
    scheduler_init                           0x00016717   Thumb Code    46  main.o(.text)
    button_event_handler                     0x00016745   Thumb Code   100  main.o(.text)
    gpiote_init                              0x000167a9   Thumb Code    44  main.o(.text)
    buttons_init                             0x000167d5   Thumb Code    48  main.o(.text)
    nrf_gpio_cfg_output                      0x00016841   Thumb Code    18  main.o(.text)
    nrf_gpio_pin_set                         0x00016853   Thumb Code    10  main.o(.text)
    nrf_gpio_pin_clear                       0x0001685d   Thumb Code    10  main.o(.text)
    app_timer_evt_schedule                   0x00016867   Thumb Code    22  main.o(.text)
    app_button_evt_schedule                  0x0001687d   Thumb Code    26  main.o(.text)
    app_timer_evt_get                        0x00016897   Thumb Code    50  main.o(.text)
    app_button_evt_get                       0x000168c9   Thumb Code    50  main.o(.text)
    .text                                    0x00016980   Section        0  led.o(.text)
    timer1_init                              0x00016981   Thumb Code    34  led.o(.text)
    ppi_init                                 0x000169a3   Thumb Code    70  led.o(.text)
    gpiote_init                              0x000169e9   Thumb Code    16  led.o(.text)
    nrf_gpiote_task_config                   0x00016a45   Thumb Code   108  led.o(.text)
    .text                                    0x00016adc   Section        0  ble_control.o(.text)
    on_connect                               0x00016add   Thumb Code     6  ble_control.o(.text)
    on_disconnect                            0x00016ae3   Thumb Code     8  ble_control.o(.text)
    on_write                                 0x00016aeb   Thumb Code    38  ble_control.o(.text)
    led_char_add                             0x00016b4b   Thumb Code   238  ble_control.o(.text)
    .text                                    0x00016d20   Section        0  pstorage.o(.text)
    cmd_queue_element_init                   0x00016d21   Thumb Code    56  pstorage.o(.text)
    cmd_queue_init                           0x00016d59   Thumb Code    40  pstorage.o(.text)
    swap_state_process                       0x00016d81   Thumb Code   578  pstorage.o(.text)
    cmd_process                              0x00016fc3   Thumb Code   382  pstorage.o(.text)
    cmd_queue_enqueue                        0x00017141   Thumb Code   138  pstorage.o(.text)
    cmd_queue_dequeue                        0x000171cb   Thumb Code    32  pstorage.o(.text)
    app_notify                               0x000171eb   Thumb Code   100  pstorage.o(.text)
    is_word_aligned                          0x000179bf   Thumb Code    18  pstorage.o(.text)
    .text                                    0x000179dc   Section        0  ble_advdata.o(.text)
    name_encode                              0x000179dd   Thumb Code   150  ble_advdata.o(.text)
    appearance_encode                        0x00017a73   Thumb Code    74  ble_advdata.o(.text)
    uint8_array_encode                       0x00017abd   Thumb Code    82  ble_advdata.o(.text)
    tx_power_level_encode                    0x00017b0f   Thumb Code    48  ble_advdata.o(.text)
    uuid_list_sized_encode                   0x00017b3f   Thumb Code   196  ble_advdata.o(.text)
    uuid_list_encode                         0x00017c03   Thumb Code    64  ble_advdata.o(.text)
    conn_int_check                           0x00017c43   Thumb Code    88  ble_advdata.o(.text)
    conn_int_encode                          0x00017c9b   Thumb Code    92  ble_advdata.o(.text)
    manuf_specific_data_encode               0x00017cf7   Thumb Code   106  ble_advdata.o(.text)
    service_data_encode                      0x00017d61   Thumb Code   140  ble_advdata.o(.text)
    adv_data_encode                          0x00017ded   Thumb Code   302  ble_advdata.o(.text)
    advdata_check                            0x00017f1b   Thumb Code    34  ble_advdata.o(.text)
    srdata_check                             0x00017f3d   Thumb Code    16  ble_advdata.o(.text)
    uint16_encode                            0x00017fc7   Thumb Code    18  ble_advdata.o(.text)
    .text                                    0x00017fdc   Section        0  app_scheduler.o(.text)
    app_sched_event_get                      0x0001810d   Thumb Code    84  app_scheduler.o(.text)
    current_int_priority_get                 0x0001817f   Thumb Code    84  app_scheduler.o(.text)
    next_index                               0x000181d3   Thumb Code    20  app_scheduler.o(.text)
    .text                                    0x00018234   Section        0  app_timer.o(.text)
    NVIC_SetPriority                         0x00018235   Thumb Code   110  app_timer.o(.text)
    rtc1_init                                0x000182a3   Thumb Code    18  app_timer.o(.text)
    rtc1_start                               0x000182b5   Thumb Code    48  app_timer.o(.text)
    rtc1_stop                                0x000182e5   Thumb Code    68  app_timer.o(.text)
    timer_list_insert                        0x00018329   Thumb Code   212  app_timer.o(.text)
    timer_list_remove                        0x000183fd   Thumb Code   170  app_timer.o(.text)
    timer_timeouts_check_sched               0x000184a7   Thumb Code    10  app_timer.o(.text)
    timer_list_handler_sched                 0x000184b1   Thumb Code    10  app_timer.o(.text)
    timeout_handler_exec                     0x000184bb   Thumb Code    60  app_timer.o(.text)
    timer_timeouts_check                     0x000184f7   Thumb Code   132  app_timer.o(.text)
    elapsed_ticks_acquire                    0x0001857b   Thumb Code    82  app_timer.o(.text)
    list_deletions_handler                   0x000185cd   Thumb Code   272  app_timer.o(.text)
    expired_timers_handler                   0x000186dd   Thumb Code   100  app_timer.o(.text)
    list_insertions_handler                  0x00018741   Thumb Code   264  app_timer.o(.text)
    compare_reg_update                       0x00018849   Thumb Code   124  app_timer.o(.text)
    timer_list_handler                       0x000188c5   Thumb Code    70  app_timer.o(.text)
    user_op_enque                            0x0001890b   Thumb Code     4  app_timer.o(.text)
    user_op_alloc                            0x0001890f   Thumb Code    44  app_timer.o(.text)
    timer_start_op_schedule                  0x0001893b   Thumb Code    80  app_timer.o(.text)
    timer_stop_op_schedule                   0x0001898b   Thumb Code    58  app_timer.o(.text)
    timer_stop_all_op_schedule               0x000189c5   Thumb Code    58  app_timer.o(.text)
    user_id_get                              0x00018b8f   Thumb Code    34  app_timer.o(.text)
    NVIC_EnableIRQ                           0x00018c8d   Thumb Code    14  app_timer.o(.text)
    NVIC_SetPendingIRQ                       0x00018c9b   Thumb Code    14  app_timer.o(.text)
    NVIC_ClearPendingIRQ                     0x00018ca9   Thumb Code    16  app_timer.o(.text)
    current_int_priority_get                 0x00018cb9   Thumb Code    84  app_timer.o(.text)
    rtc1_counter_get                         0x00018d0d   Thumb Code     6  app_timer.o(.text)
    ticks_diff_get                           0x00018d13   Thumb Code    10  app_timer.o(.text)
    .text                                    0x00018d4c   Section        0  ble_conn_params.o(.text)
    is_conn_params_ok                        0x00018d4d   Thumb Code    30  ble_conn_params.o(.text)
    update_timeout_handler                   0x00018d6b   Thumb Code   136  ble_conn_params.o(.text)
    conn_params_negotiation                  0x00018e59   Thumb Code   126  ble_conn_params.o(.text)
    on_connect                               0x00018ed7   Thumb Code    42  ble_conn_params.o(.text)
    on_disconnect                            0x00018f01   Thumb Code    50  ble_conn_params.o(.text)
    on_write                                 0x00018f33   Thumb Code    84  ble_conn_params.o(.text)
    on_conn_params_update                    0x00018f87   Thumb Code    20  ble_conn_params.o(.text)
    .text                                    0x00019054   Section        0  softdevice_handler.o(.text)
    .text                                    0x0001921c   Section        0  app_button.o(.text)
    button_handler_execute                   0x0001921d   Thumb Code    82  app_button.o(.text)
    detection_delay_timeout_handler          0x0001926f   Thumb Code   144  app_button.o(.text)
    gpiote_event_handler                     0x000192ff   Thumb Code    52  app_button.o(.text)
    .text                                    0x000194bc   Section        0  app_gpiote.o(.text)
    sense_level_toggle                       0x000194bd   Thumb Code   128  app_gpiote.o(.text)
    pins_sense_disable                       0x000195db   Thumb Code    98  app_gpiote.o(.text)
    NVIC_SetPriority                         0x00019893   Thumb Code   110  app_gpiote.o(.text)
    .text                                    0x00019928   Section        0  segger_rtt.o(.text)
    _DoInit                                  0x00019929   Thumb Code    74  segger_rtt.o(.text)
    _WriteBlocking                           0x00019973   Thumb Code   122  segger_rtt.o(.text)
    _WriteNoCheck                            0x000199ed   Thumb Code    74  segger_rtt.o(.text)
    _PostTerminalSwitch                      0x00019a37   Thumb Code    32  segger_rtt.o(.text)
    _GetAvailWriteSpace                      0x00019a57   Thumb Code    28  segger_rtt.o(.text)
    .text                                    0x0001a12c   Section        0  segger_rtt_printf.o(.text)
    _StoreChar                               0x0001a12d   Thumb Code    68  segger_rtt_printf.o(.text)
    _PrintUnsigned                           0x0001a171   Thumb Code   280  segger_rtt_printf.o(.text)
    _PrintInt                                0x0001a289   Thumb Code   270  segger_rtt_printf.o(.text)
    .text                                    0x0001a5d0   Section       84  arm_startup_nrf51.o(.text)
    .text                                    0x0001a624   Section        0  system_nrf51.o(.text)
    is_disabled_in_debug_needed              0x0001a62d   Thumb Code    52  system_nrf51.o(.text)
    is_manual_peripheral_setup_needed        0x0001a661   Thumb Code   104  system_nrf51.o(.text)
    .text                                    0x0001a70c   Section        0  strcpy.o(.text)
    .text                                    0x0001a758   Section        0  strlen.o(.text)
    .text                                    0x0001a79c   Section        0  rt_memcpy.o(.text)
    .text                                    0x0001a81e   Section        0  rt_memclr.o(.text)
    .text                                    0x0001a85e   Section      346  aeabi_sdiv.o(.text)
    .text                                    0x0001a9b8   Section        0  heapauxi.o(.text)
    .text                                    0x0001a9be   Section       62  sys_stackheap_outer.o(.text)
    .text                                    0x0001a9fc   Section        0  exit.o(.text)
    .text                                    0x0001aa0c   Section        8  libspace.o(.text)
    .text                                    0x0001aa14   Section        0  sys_exit.o(.text)
    .text                                    0x0001aa20   Section        2  use_no_semi.o(.text)
    .text                                    0x0001aa22   Section        0  indicate_semi.o(.text)
    i.__ARM_common_switch8                   0x0001aa22   Section        0  pstorage.o(i.__ARM_common_switch8)
    .constdata                               0x0001aa40   Section       16  ble_control.o(.constdata)
    .constdata                               0x0001aa50   Section       16  segger_rtt_printf.o(.constdata)
    _aV2C                                    0x0001aa50   Data          16  segger_rtt_printf.o(.constdata)
    .data                                    0x20002000   Section       28  main.o(.data)
    m_sec_params                             0x20002000   Data           6  main.o(.data)
    m_conn_handle                            0x20002006   Data           2  main.o(.data)
    hum_state                                0x20002008   Data           1  main.o(.data)
    buttons                                  0x2000200c   Data          16  main.o(.data)
    .data                                    0x2000201c   Section       12  pstorage.o(.data)
    m_next_app_instance                      0x2000201c   Data           2  pstorage.o(.data)
    m_next_page_addr                         0x20002020   Data           4  pstorage.o(.data)
    m_round_val                              0x20002024   Data           2  pstorage.o(.data)
    m_module_initialized                     0x20002026   Data           1  pstorage.o(.data)
    m_swap_state                             0x20002027   Data           1  pstorage.o(.data)
    .data                                    0x20002028   Section       14  app_scheduler.o(.data)
    m_queue_event_headers                    0x20002028   Data           4  app_scheduler.o(.data)
    m_queue_event_data                       0x2000202c   Data           4  app_scheduler.o(.data)
    m_queue_start_index                      0x20002030   Data           1  app_scheduler.o(.data)
    m_queue_end_index                        0x20002031   Data           1  app_scheduler.o(.data)
    m_queue_event_size                       0x20002032   Data           2  app_scheduler.o(.data)
    m_queue_size                             0x20002034   Data           2  app_scheduler.o(.data)
    .data                                    0x20002038   Section       41  app_timer.o(.data)
    m_node_array_size                        0x20002038   Data           1  app_timer.o(.data)
    mp_nodes                                 0x2000203c   Data           4  app_timer.o(.data)
    m_user_array_size                        0x20002040   Data           1  app_timer.o(.data)
    mp_users                                 0x20002044   Data           4  app_timer.o(.data)
    m_timer_id_head                          0x20002048   Data           4  app_timer.o(.data)
    m_ticks_latest                           0x2000204c   Data           4  app_timer.o(.data)
    m_ticks_elapsed                          0x20002050   Data           8  app_timer.o(.data)
    m_ticks_elapsed_q_read_ind               0x20002058   Data           1  app_timer.o(.data)
    m_ticks_elapsed_q_write_ind              0x20002059   Data           1  app_timer.o(.data)
    m_evt_schedule_func                      0x2000205c   Data           4  app_timer.o(.data)
    m_rtc1_running                           0x20002060   Data           1  app_timer.o(.data)
    .data                                    0x20002064   Section       25  ble_conn_params.o(.data)
    m_preferred_conn_params                  0x20002064   Data           8  ble_conn_params.o(.data)
    m_update_count                           0x2000206c   Data           1  ble_conn_params.o(.data)
    m_conn_handle                            0x2000206e   Data           2  ble_conn_params.o(.data)
    m_current_conn_params                    0x20002070   Data           8  ble_conn_params.o(.data)
    m_conn_params_timer_id                   0x20002078   Data           4  ble_conn_params.o(.data)
    m_change_param                           0x2000207c   Data           1  ble_conn_params.o(.data)
    .data                                    0x20002080   Section       20  softdevice_handler.o(.data)
    m_evt_schedule_func                      0x20002080   Data           4  softdevice_handler.o(.data)
    m_evt_buffer                             0x20002084   Data           4  softdevice_handler.o(.data)
    m_ble_evt_buffer_size                    0x20002088   Data           2  softdevice_handler.o(.data)
    m_softdevice_enabled                     0x2000208a   Data           1  softdevice_handler.o(.data)
    m_ble_evt_handler                        0x2000208c   Data           4  softdevice_handler.o(.data)
    m_sys_evt_handler                        0x20002090   Data           4  softdevice_handler.o(.data)
    .data                                    0x20002094   Section       32  app_button.o(.data)
    mp_buttons                               0x20002094   Data           4  app_button.o(.data)
    m_button_count                           0x20002098   Data           1  app_button.o(.data)
    m_detection_delay                        0x2000209c   Data           4  app_button.o(.data)
    m_evt_schedule_func                      0x200020a0   Data           4  app_button.o(.data)
    m_gpiote_user_id                         0x200020a4   Data           1  app_button.o(.data)
    m_detection_delay_timer_id               0x200020a8   Data           4  app_button.o(.data)
    m_pin_transition                         0x200020ac   Data           8  app_button.o(.data)
    .data                                    0x200020b4   Section       12  app_gpiote.o(.data)
    m_enabled_users_mask                     0x200020b4   Data           4  app_gpiote.o(.data)
    m_user_array_size                        0x200020b8   Data           1  app_gpiote.o(.data)
    m_user_count                             0x200020b9   Data           1  app_gpiote.o(.data)
    mp_users                                 0x200020bc   Data           4  app_gpiote.o(.data)
    .data                                    0x200020c0   Section       17  segger_rtt.o(.data)
    _aTerminalId                             0x200020c0   Data          16  segger_rtt.o(.data)
    _ActiveTerminal                          0x200020d0   Data           1  segger_rtt.o(.data)
    .data                                    0x200020d4   Section        4  system_nrf51.o(.data)
    __tagsym$$used                           0x200020d4   Number         0  system_nrf51.o(.data)
    .bss                                     0x200020d8   Section      964  main.o(.bss)
    control                                  0x200020d8   Data          20  main.o(.bss)
    APP_TIMER_BUF                            0x200020ec   Data         616  main.o(.bss)
    m_auth_status                            0x20002354   Data          50  main.o(.bss)
    EVT_BUFFER                               0x20002388   Data          80  main.o(.bss)
    APP_SCHED_BUF                            0x200023d8   Data         176  main.o(.bss)
    app_gpiote_buf                           0x20002488   Data          20  main.o(.bss)
    .bss                                     0x2000249c   Section      636  pstorage.o(.bss)
    m_cmd_queue                              0x2000249c   Data         604  pstorage.o(.bss)
    m_app_table                              0x200026f8   Data          32  pstorage.o(.bss)
    .bss                                     0x20002718   Section       28  ble_conn_params.o(.bss)
    m_conn_params_config                     0x20002718   Data          28  ble_conn_params.o(.bss)
    .bss                                     0x20002734   Section     1160  segger_rtt.o(.bss)
    _acUpBuffer                              0x20002734   Data        1024  segger_rtt.o(.bss)
    _acDownBuffer                            0x20002b34   Data          16  segger_rtt.o(.bss)
    .bss                                     0x20002bbc   Section       96  libspace.o(.bss)
    HEAP                                     0x20002c20   Section     2048  arm_startup_nrf51.o(HEAP)
    Heap_Mem                                 0x20002c20   Data        2048  arm_startup_nrf51.o(HEAP)
    STACK                                    0x20003420   Section     2048  arm_startup_nrf51.o(STACK)
    Stack_Mem                                0x20003420   Data        2048  arm_startup_nrf51.o(STACK)
    __initial_sp                             0x20003c20   Data           0  arm_startup_nrf51.o(STACK)

    Global Symbols

    Symbol Name                              Value     Ov Type        Size  Object(Section)

    BuildAttributes$$THM_ISAv3M$S$PE$A:L22$X:L11$S22$IEEE1$IW$USESV6$~STKCKD$USESV7$~SHL$OSPACE$ROPI$EBA8$UX$STANDARDLIB$REQ8$PRES8$EABIv2 0x00000000   Number         0  anon$$obj.o ABSOLUTE
    __ARM_use_no_argv                        0x00000000   Number         0  main.o ABSOLUTE
    __ARM_exceptions_init                     - Undefined Weak Reference
    __alloca_initialize                       - Undefined Weak Reference
    __arm_preinit_                            - Undefined Weak Reference
    __cpp_initialize__aeabi_                  - Undefined Weak Reference
    __cxa_finalize                            - Undefined Weak Reference
    __rt_locale                               - Undefined Weak Reference
    __sigvec_lookup                           - Undefined Weak Reference
    _atexit_init                              - Undefined Weak Reference
    _call_atexit_fns                          - Undefined Weak Reference
    _clock_init                               - Undefined Weak Reference
    _fp_trap_init                             - Undefined Weak Reference
    _fp_trap_shutdown                         - Undefined Weak Reference
    _get_lc_collate                           - Undefined Weak Reference
    _get_lc_ctype                             - Undefined Weak Reference
    _get_lc_monetary                          - Undefined Weak Reference
    _get_lc_numeric                           - Undefined Weak Reference
    _get_lc_time                              - Undefined Weak Reference
    _getenv_init                              - Undefined Weak Reference
    _handle_redirection                       - Undefined Weak Reference
    _init_alloc                               - Undefined Weak Reference
    _init_user_alloc                          - Undefined Weak Reference
    _initio                                   - Undefined Weak Reference
    _rand_init                                - Undefined Weak Reference
    _signal_finish                            - Undefined Weak Reference
    _signal_init                              - Undefined Weak Reference
    _terminate_alloc                          - Undefined Weak Reference
    _terminate_user_alloc                     - Undefined Weak Reference
    _terminateio                              - Undefined Weak Reference
    __Vectors_Size                           0x000000c0   Number         0  arm_startup_nrf51.o ABSOLUTE
    __Vectors                                0x00016000   Data           4  arm_startup_nrf51.o(RESET)
    __Vectors_End                            0x000160c0   Data           0  arm_startup_nrf51.o(RESET)
    __main                                   0x000160c1   Thumb Code     8  __main.o(!!!main)
    __scatterload                            0x000160c9   Thumb Code     0  __scatter.o(!!!scatter)
    __scatterload_rt2                        0x000160c9   Thumb Code    52  __scatter.o(!!!scatter)
    __scatterload_rt2_thumb_only             0x000160c9   Thumb Code     0  __scatter.o(!!!scatter)
    __scatterload_null                       0x000160d9   Thumb Code     0  __scatter.o(!!!scatter)
    __scatterload_copy                       0x00016105   Thumb Code    26  __scatter_copy.o(!!handler_copy)
    __scatterload_zeroinit                   0x00016121   Thumb Code    28  __scatter_zi.o(!!handler_zi)
    __rt_lib_init                            0x0001613d   Thumb Code     0  libinit.o(.ARM.Collect$$libinit$$00000000)
    __rt_lib_init_alloca_1                   0x0001613f   Thumb Code     0  libinit2.o(.ARM.Collect$$libinit$$0000002E)
    __rt_lib_init_argv_1                     0x0001613f   Thumb Code     0  libinit2.o(.ARM.Collect$$libinit$$0000002C)
    __rt_lib_init_atexit_1                   0x0001613f   Thumb Code     0  libinit2.o(.ARM.Collect$$libinit$$0000001B)
    __rt_lib_init_clock_1                    0x0001613f   Thumb Code     0  libinit2.o(.ARM.Collect$$libinit$$00000021)
    __rt_lib_init_cpp_1                      0x0001613f   Thumb Code     0  libinit2.o(.ARM.Collect$$libinit$$00000032)
    __rt_lib_init_exceptions_1               0x0001613f   Thumb Code     0  libinit2.o(.ARM.Collect$$libinit$$00000030)
    __rt_lib_init_fp_1                       0x0001613f   Thumb Code     0  libinit2.o(.ARM.Collect$$libinit$$00000002)
    __rt_lib_init_fp_trap_1                  0x0001613f   Thumb Code     0  libinit2.o(.ARM.Collect$$libinit$$0000001F)
    __rt_lib_init_getenv_1                   0x0001613f   Thumb Code     0  libinit2.o(.ARM.Collect$$libinit$$00000023)
    __rt_lib_init_heap_1                     0x0001613f   Thumb Code     0  libinit2.o(.ARM.Collect$$libinit$$0000000A)
    __rt_lib_init_lc_collate_1               0x0001613f   Thumb Code     0  libinit2.o(.ARM.Collect$$libinit$$00000011)
    __rt_lib_init_lc_ctype_1                 0x0001613f   Thumb Code     0  libinit2.o(.ARM.Collect$$libinit$$00000013)
    __rt_lib_init_lc_monetary_1              0x0001613f   Thumb Code     0  libinit2.o(.ARM.Collect$$libinit$$00000015)
    __rt_lib_init_lc_numeric_1               0x0001613f   Thumb Code     0  libinit2.o(.ARM.Collect$$libinit$$00000017)
    __rt_lib_init_lc_time_1                  0x0001613f   Thumb Code     0  libinit2.o(.ARM.Collect$$libinit$$00000019)
    __rt_lib_init_preinit_1                  0x0001613f   Thumb Code     0  libinit2.o(.ARM.Collect$$libinit$$00000004)
    __rt_lib_init_rand_1                     0x0001613f   Thumb Code     0  libinit2.o(.ARM.Collect$$libinit$$0000000E)
    __rt_lib_init_return                     0x0001613f   Thumb Code     0  libinit2.o(.ARM.Collect$$libinit$$00000033)
    __rt_lib_init_signal_1                   0x0001613f   Thumb Code     0  libinit2.o(.ARM.Collect$$libinit$$0000001D)
    __rt_lib_init_stdio_1                    0x0001613f   Thumb Code     0  libinit2.o(.ARM.Collect$$libinit$$00000025)
    __rt_lib_init_user_alloc_1               0x0001613f   Thumb Code     0  libinit2.o(.ARM.Collect$$libinit$$0000000C)
    __rt_lib_shutdown                        0x00016141   Thumb Code     0  libshutdown.o(.ARM.Collect$$libshutdown$$00000000)
    __rt_lib_shutdown_cpp_1                  0x00016143   Thumb Code     0  libshutdown2.o(.ARM.Collect$$libshutdown$$00000002)
    __rt_lib_shutdown_fp_trap_1              0x00016143   Thumb Code     0  libshutdown2.o(.ARM.Collect$$libshutdown$$00000007)
    __rt_lib_shutdown_heap_1                 0x00016143   Thumb Code     0  libshutdown2.o(.ARM.Collect$$libshutdown$$0000000F)
    __rt_lib_shutdown_return                 0x00016143   Thumb Code     0  libshutdown2.o(.ARM.Collect$$libshutdown$$00000010)
    __rt_lib_shutdown_signal_1               0x00016143   Thumb Code     0  libshutdown2.o(.ARM.Collect$$libshutdown$$0000000A)
    __rt_lib_shutdown_stdio_1                0x00016143   Thumb Code     0  libshutdown2.o(.ARM.Collect$$libshutdown$$00000004)
    __rt_lib_shutdown_user_alloc_1           0x00016143   Thumb Code     0  libshutdown2.o(.ARM.Collect$$libshutdown$$0000000C)
    __rt_entry                               0x00016145   Thumb Code     0  __rtentry.o(.ARM.Collect$$rtentry$$00000000)
    __rt_entry_presh_1                       0x00016145   Thumb Code     0  __rtentry2.o(.ARM.Collect$$rtentry$$00000002)
    __rt_entry_sh                            0x00016145   Thumb Code     0  __rtentry4.o(.ARM.Collect$$rtentry$$00000004)
    __rt_entry_li                            0x0001614b   Thumb Code     0  __rtentry2.o(.ARM.Collect$$rtentry$$0000000A)
    __rt_entry_postsh_1                      0x0001614b   Thumb Code     0  __rtentry2.o(.ARM.Collect$$rtentry$$00000009)
    __rt_entry_main                          0x0001614f   Thumb Code     0  __rtentry2.o(.ARM.Collect$$rtentry$$0000000D)
    __rt_entry_postli_1                      0x0001614f   Thumb Code     0  __rtentry2.o(.ARM.Collect$$rtentry$$0000000C)
    __rt_exit                                0x00016157   Thumb Code     0  rtexit.o(.ARM.Collect$$rtexit$$00000000)
    __rt_exit_ls                             0x00016159   Thumb Code     0  rtexit2.o(.ARM.Collect$$rtexit$$00000003)
    __rt_exit_prels_1                        0x00016159   Thumb Code     0  rtexit2.o(.ARM.Collect$$rtexit$$00000002)
    __rt_exit_exit                           0x0001615d   Thumb Code     0  rtexit2.o(.ARM.Collect$$rtexit$$00000004)
    __asm___11_app_timer_c_cd27f9c3__nrf_delay_us 0x00016165   Thumb Code    30  app_timer.o(.emb_text)
    __aeabi_memcpy4                          0x00016185   Thumb Code    56  rt_memcpy.o(.emb_text)
    __aeabi_memcpy8                          0x00016185   Thumb Code     0  rt_memcpy.o(.emb_text)
    app_error_handler                        0x000161bd   Thumb Code    20  main.o(.text)
    assert_nrf_callback                      0x000161f1   Thumb Code    18  main.o(.text)
    main                                     0x00016805   Thumb Code    60  main.o(.text)
    led_start                                0x000169f9   Thumb Code    42  led.o(.text)
    led_stop                                 0x00016a23   Thumb Code    34  led.o(.text)
    ble_control_on_ble_evt                   0x00016b11   Thumb Code    58  ble_control.o(.text)
    ble_control_init                         0x00016c39   Thumb Code    96  ble_control.o(.text)
    ble_control_state_send                   0x00016c99   Thumb Code   100  ble_control.o(.text)
    pstorage_sys_event_handler               0x0001724f   Thumb Code   326  pstorage.o(.text)
    pstorage_init                            0x00017395   Thumb Code   196  pstorage.o(.text)
    pstorage_register                        0x00017459   Thumb Code   396  pstorage.o(.text)
    pstorage_block_identifier_get            0x000175e5   Thumb Code   136  pstorage.o(.text)
    pstorage_store                           0x0001766d   Thumb Code   202  pstorage.o(.text)
    pstorage_update                          0x00017737   Thumb Code   202  pstorage.o(.text)
    pstorage_load                            0x00017801   Thumb Code   226  pstorage.o(.text)
    pstorage_clear                           0x000178e3   Thumb Code   184  pstorage.o(.text)
    pstorage_access_status_get               0x0001799b   Thumb Code    36  pstorage.o(.text)
    ble_advdata_set                          0x00017f4d   Thumb Code   122  ble_advdata.o(.text)
    app_sched_init                           0x00017fdd   Thumb Code    66  app_scheduler.o(.text)
    app_sched_event_put                      0x0001801f   Thumb Code   238  app_scheduler.o(.text)
    app_sched_execute                        0x00018161   Thumb Code    30  app_scheduler.o(.text)
    RTC1_IRQHandler                          0x000189ff   Thumb Code    34  app_timer.o(.text)
    SWI0_IRQHandler                          0x00018a21   Thumb Code     8  app_timer.o(.text)
    app_timer_init                           0x00018a29   Thumb Code   250  app_timer.o(.text)
    app_timer_create                         0x00018b23   Thumb Code   108  app_timer.o(.text)
    app_timer_start                          0x00018bb1   Thumb Code    98  app_timer.o(.text)
    app_timer_stop                           0x00018c13   Thumb Code    60  app_timer.o(.text)
    app_timer_stop_all                       0x00018c4f   Thumb Code    26  app_timer.o(.text)
    app_timer_cnt_get                        0x00018c69   Thumb Code    14  app_timer.o(.text)
    app_timer_cnt_diff_compute               0x00018c77   Thumb Code    22  app_timer.o(.text)
    ble_conn_params_init                     0x00018df3   Thumb Code    90  ble_conn_params.o(.text)
    ble_conn_params_stop                     0x00018e4d   Thumb Code    12  ble_conn_params.o(.text)
    ble_conn_params_on_ble_evt               0x00018f9b   Thumb Code    62  ble_conn_params.o(.text)
    ble_conn_params_change_conn_params       0x00018fd9   Thumb Code    86  ble_conn_params.o(.text)
    softdevice_assertion_handler             0x00019055   Thumb Code    18  softdevice_handler.o(.text)
    intern_softdevice_events_execute         0x00019067   Thumb Code   168  softdevice_handler.o(.text)
    softdevice_handler_init                  0x0001910f   Thumb Code    84  softdevice_handler.o(.text)
    softdevice_handler_sd_disable            0x00019163   Thumb Code    24  softdevice_handler.o(.text)
    softdevice_ble_evt_handler_set           0x0001917b   Thumb Code    18  softdevice_handler.o(.text)
    softdevice_sys_evt_handler_set           0x0001918d   Thumb Code    18  softdevice_handler.o(.text)
    SWI2_IRQHandler                          0x0001919f   Thumb Code    52  softdevice_handler.o(.text)
    app_button_init                          0x00019333   Thumb Code   132  app_button.o(.text)
    app_button_enable                        0x000193b7   Thumb Code    24  app_button.o(.text)
    app_button_disable                       0x000193cf   Thumb Code    42  app_button.o(.text)
    app_button_is_pushed                     0x000193f9   Thumb Code   124  app_button.o(.text)
    GPIOTE_IRQHandler                        0x0001953d   Thumb Code   158  app_gpiote.o(.text)
    app_gpiote_init                          0x0001963d   Thumb Code   116  app_gpiote.o(.text)
    app_gpiote_user_register                 0x000196b1   Thumb Code   138  app_gpiote.o(.text)
    app_gpiote_user_enable                   0x0001973b   Thumb Code   226  app_gpiote.o(.text)
    app_gpiote_user_disable                  0x0001981d   Thumb Code    66  app_gpiote.o(.text)
    app_gpiote_pins_state_get                0x0001985f   Thumb Code    52  app_gpiote.o(.text)
    SEGGER_RTT_ReadNoLock                    0x00019a73   Thumb Code   168  segger_rtt.o(.text)
    SEGGER_RTT_Read                          0x00019b1b   Thumb Code    24  segger_rtt.o(.text)
    SEGGER_RTT_WriteSkipNoLock               0x00019b33   Thumb Code   194  segger_rtt.o(.text)
    SEGGER_RTT_WriteNoLock                   0x00019bf5   Thumb Code   130  segger_rtt.o(.text)
    SEGGER_RTT_Write                         0x00019c77   Thumb Code    40  segger_rtt.o(.text)
    SEGGER_RTT_WriteString                   0x00019c9f   Thumb Code    26  segger_rtt.o(.text)
    SEGGER_RTT_GetKey                        0x00019cb9   Thumb Code    32  segger_rtt.o(.text)
    SEGGER_RTT_WaitKey                       0x00019cd9   Thumb Code    14  segger_rtt.o(.text)
    SEGGER_RTT_HasKey                        0x00019ce7   Thumb Code    80  segger_rtt.o(.text)
    SEGGER_RTT_HasData                       0x00019d37   Thumb Code    20  segger_rtt.o(.text)
    SEGGER_RTT_AllocDownBuffer               0x00019d4b   Thumb Code   138  segger_rtt.o(.text)
    SEGGER_RTT_AllocUpBuffer                 0x00019dd5   Thumb Code   144  segger_rtt.o(.text)
    SEGGER_RTT_ConfigUpBuffer                0x00019e65   Thumb Code   124  segger_rtt.o(.text)
    SEGGER_RTT_ConfigDownBuffer              0x00019ee1   Thumb Code   116  segger_rtt.o(.text)
    SEGGER_RTT_SetNameUpBuffer               0x00019f55   Thumb Code    56  segger_rtt.o(.text)
    SEGGER_RTT_SetNameDownBuffer             0x00019f8d   Thumb Code    54  segger_rtt.o(.text)
    SEGGER_RTT_Init                          0x00019fc3   Thumb Code    22  segger_rtt.o(.text)
    SEGGER_RTT_SetTerminal                   0x00019fd9   Thumb Code   110  segger_rtt.o(.text)
    SEGGER_RTT_TerminalOut                   0x0001a047   Thumb Code   230  segger_rtt.o(.text)
    SEGGER_RTT_vprintf                       0x0001a397   Thumb Code   536  segger_rtt_printf.o(.text)
    SEGGER_RTT_printf                        0x0001a5af   Thumb Code    28  segger_rtt_printf.o(.text)
    Reset_Handler                            0x0001a5d1   Thumb Code    26  arm_startup_nrf51.o(.text)
    NMI_Handler                              0x0001a5eb   Thumb Code     2  arm_startup_nrf51.o(.text)
    HardFault_Handler                        0x0001a5ed   Thumb Code     2  arm_startup_nrf51.o(.text)
    SVC_Handler                              0x0001a5ef   Thumb Code     2  arm_startup_nrf51.o(.text)
    PendSV_Handler                           0x0001a5f1   Thumb Code     2  arm_startup_nrf51.o(.text)
    SysTick_Handler                          0x0001a5f3   Thumb Code     2  arm_startup_nrf51.o(.text)
    ADC_IRQHandler                           0x0001a5f5   Thumb Code     0  arm_startup_nrf51.o(.text)
    CCM_AAR_IRQHandler                       0x0001a5f5   Thumb Code     0  arm_startup_nrf51.o(.text)
    ECB_IRQHandler                           0x0001a5f5   Thumb Code     0  arm_startup_nrf51.o(.text)
    LPCOMP_IRQHandler                        0x0001a5f5   Thumb Code     0  arm_startup_nrf51.o(.text)
    POWER_CLOCK_IRQHandler                   0x0001a5f5   Thumb Code     0  arm_startup_nrf51.o(.text)
    QDEC_IRQHandler                          0x0001a5f5   Thumb Code     0  arm_startup_nrf51.o(.text)
    RADIO_IRQHandler                         0x0001a5f5   Thumb Code     0  arm_startup_nrf51.o(.text)
    RNG_IRQHandler                           0x0001a5f5   Thumb Code     0  arm_startup_nrf51.o(.text)
    RTC0_IRQHandler                          0x0001a5f5   Thumb Code     0  arm_startup_nrf51.o(.text)
    SPI0_TWI0_IRQHandler                     0x0001a5f5   Thumb Code     0  arm_startup_nrf51.o(.text)
    SPI1_TWI1_IRQHandler                     0x0001a5f5   Thumb Code     0  arm_startup_nrf51.o(.text)
    SWI1_IRQHandler                          0x0001a5f5   Thumb Code     0  arm_startup_nrf51.o(.text)
    SWI3_IRQHandler                          0x0001a5f5   Thumb Code     0  arm_startup_nrf51.o(.text)
    SWI4_IRQHandler                          0x0001a5f5   Thumb Code     0  arm_startup_nrf51.o(.text)
    SWI5_IRQHandler                          0x0001a5f5   Thumb Code     0  arm_startup_nrf51.o(.text)
    TEMP_IRQHandler                          0x0001a5f5   Thumb Code     0  arm_startup_nrf51.o(.text)
    TIMER0_IRQHandler                        0x0001a5f5   Thumb Code     0  arm_startup_nrf51.o(.text)
    TIMER1_IRQHandler                        0x0001a5f5   Thumb Code     0  arm_startup_nrf51.o(.text)
    TIMER2_IRQHandler                        0x0001a5f5   Thumb Code     0  arm_startup_nrf51.o(.text)
    UART0_IRQHandler                         0x0001a5f5   Thumb Code     0  arm_startup_nrf51.o(.text)
    WDT_IRQHandler                           0x0001a5f5   Thumb Code     0  arm_startup_nrf51.o(.text)
    __user_initial_stackheap                 0x0001a5f9   Thumb Code     0  arm_startup_nrf51.o(.text)
    SystemCoreClockUpdate                    0x0001a625   Thumb Code     8  system_nrf51.o(.text)
    SystemInit                               0x0001a6c9   Thumb Code    38  system_nrf51.o(.text)
    strcpy                                   0x0001a70d   Thumb Code    70  strcpy.o(.text)
    strlen                                   0x0001a759   Thumb Code    62  strlen.o(.text)
    __aeabi_memcpy                           0x0001a79d   Thumb Code   130  rt_memcpy.o(.text)
    __rt_memcpy                              0x0001a79d   Thumb Code     0  rt_memcpy.o(.text)
    _memset_w                                0x0001a81f   Thumb Code    26  rt_memclr.o(.text)
    _memset                                  0x0001a839   Thumb Code    30  rt_memclr.o(.text)
    __aeabi_memclr                           0x0001a857   Thumb Code     4  rt_memclr.o(.text)
    __rt_memclr                              0x0001a857   Thumb Code     0  rt_memclr.o(.text)
    __aeabi_memclr4                          0x0001a85b   Thumb Code     0  rt_memclr.o(.text)
    __aeabi_memclr8                          0x0001a85b   Thumb Code     0  rt_memclr.o(.text)
    __rt_memclr_w                            0x0001a85b   Thumb Code     4  rt_memclr.o(.text)
    __aeabi_uidiv                            0x0001a85f   Thumb Code     0  aeabi_sdiv.o(.text)
    __aeabi_uidivmod                         0x0001a85f   Thumb Code    20  aeabi_sdiv.o(.text)
    __aeabi_idiv                             0x0001a873   Thumb Code     0  aeabi_sdiv.o(.text)
    __aeabi_idivmod                          0x0001a873   Thumb Code   326  aeabi_sdiv.o(.text)
    __use_two_region_memory                  0x0001a9b9   Thumb Code     2  heapauxi.o(.text)
    __rt_heap_escrow$2region                 0x0001a9bb   Thumb Code     2  heapauxi.o(.text)
    __rt_heap_expand$2region                 0x0001a9bd   Thumb Code     2  heapauxi.o(.text)
    __user_setup_stackheap                   0x0001a9bf   Thumb Code    62  sys_stackheap_outer.o(.text)
    exit                                     0x0001a9fd   Thumb Code    16  exit.o(.text)
    __user_libspace                          0x0001aa0d   Thumb Code     8  libspace.o(.text)
    __user_perproc_libspace                  0x0001aa0d   Thumb Code     0  libspace.o(.text)
    __user_perthread_libspace                0x0001aa0d   Thumb Code     0  libspace.o(.text)
    _sys_exit                                0x0001aa15   Thumb Code     8  sys_exit.o(.text)
    __I$use$semihosting                      0x0001aa21   Thumb Code     0  use_no_semi.o(.text)
    __use_no_semihosting_swi                 0x0001aa21   Thumb Code     2  use_no_semi.o(.text)
    __ARM_common_switch8                     0x0001aa23   Thumb Code    28  pstorage.o(i.__ARM_common_switch8)
    __semihosting_library_function           0x0001aa23   Thumb Code     0  indicate_semi.o(.text)
    Region$$Table$$Base                      0x0001aa60   Number         0  anon$$obj.o(Region$$Table)
    Region$$Table$$Limit                     0x0001aa80   Number         0  anon$$obj.o(Region$$Table)
    SystemCoreClock                          0x200020d4   Data           4  system_nrf51.o(.data)
    _SEGGER_RTT                              0x20002b44   Data         120  segger_rtt.o(.bss)
    __libspace_start                         0x20002bbc   Data          96  libspace.o(.bss)
    __temporary_stack_top$libspace           0x20002c1c   Data           0  libspace.o(.bss)



==============================================================================

Memory Map of the image

  Image Entry point : 0x000160c1

  Load Region LR_IROM1 (Base: 0x00016000, Size: 0x00004b58, Max: 0x00029000, ABSOLUTE)

    Execution Region ER_IROM1 (Base: 0x00016000, Size: 0x00004a80, Max: 0x00029000, ABSOLUTE)

    Base Addr    Size         Type   Attr      Idx    E Section Name        Object

    0x00016000   0x000000c0   Data   RO          733    RESET               arm_startup_nrf51.o
    0x000160c0   0x00000008   Code   RO          784  * !!!main             c_p.l(__main.o)
    0x000160c8   0x0000003c   Code   RO          953    !!!scatter          c_p.l(__scatter.o)
    0x00016104   0x0000001a   Code   RO          955    !!handler_copy      c_p.l(__scatter_copy.o)
    0x0001611e   0x00000002   PAD
    0x00016120   0x0000001c   Code   RO          957    !!handler_zi        c_p.l(__scatter_zi.o)
    0x0001613c   0x00000002   Code   RO          822    .ARM.Collect$$libinit$$00000000  c_p.l(libinit.o)
    0x0001613e   0x00000000   Code   RO          836    .ARM.Collect$$libinit$$00000002  c_p.l(libinit2.o)
    0x0001613e   0x00000000   Code   RO          838    .ARM.Collect$$libinit$$00000004  c_p.l(libinit2.o)
    0x0001613e   0x00000000   Code   RO          841    .ARM.Collect$$libinit$$0000000A  c_p.l(libinit2.o)
    0x0001613e   0x00000000   Code   RO          843    .ARM.Collect$$libinit$$0000000C  c_p.l(libinit2.o)
    0x0001613e   0x00000000   Code   RO          845    .ARM.Collect$$libinit$$0000000E  c_p.l(libinit2.o)
    0x0001613e   0x00000000   Code   RO          848    .ARM.Collect$$libinit$$00000011  c_p.l(libinit2.o)
    0x0001613e   0x00000000   Code   RO          850    .ARM.Collect$$libinit$$00000013  c_p.l(libinit2.o)
    0x0001613e   0x00000000   Code   RO          852    .ARM.Collect$$libinit$$00000015  c_p.l(libinit2.o)
    0x0001613e   0x00000000   Code   RO          854    .ARM.Collect$$libinit$$00000017  c_p.l(libinit2.o)
    0x0001613e   0x00000000   Code   RO          856    .ARM.Collect$$libinit$$00000019  c_p.l(libinit2.o)
    0x0001613e   0x00000000   Code   RO          858    .ARM.Collect$$libinit$$0000001B  c_p.l(libinit2.o)
    0x0001613e   0x00000000   Code   RO          860    .ARM.Collect$$libinit$$0000001D  c_p.l(libinit2.o)
    0x0001613e   0x00000000   Code   RO          862    .ARM.Collect$$libinit$$0000001F  c_p.l(libinit2.o)
    0x0001613e   0x00000000   Code   RO          864    .ARM.Collect$$libinit$$00000021  c_p.l(libinit2.o)
    0x0001613e   0x00000000   Code   RO          866    .ARM.Collect$$libinit$$00000023  c_p.l(libinit2.o)
    0x0001613e   0x00000000   Code   RO          868    .ARM.Collect$$libinit$$00000025  c_p.l(libinit2.o)
    0x0001613e   0x00000000   Code   RO          872    .ARM.Collect$$libinit$$0000002C  c_p.l(libinit2.o)
    0x0001613e   0x00000000   Code   RO          874    .ARM.Collect$$libinit$$0000002E  c_p.l(libinit2.o)
    0x0001613e   0x00000000   Code   RO          876    .ARM.Collect$$libinit$$00000030  c_p.l(libinit2.o)
    0x0001613e   0x00000000   Code   RO          878    .ARM.Collect$$libinit$$00000032  c_p.l(libinit2.o)
    0x0001613e   0x00000002   Code   RO          879    .ARM.Collect$$libinit$$00000033  c_p.l(libinit2.o)
    0x00016140   0x00000002   Code   RO          910    .ARM.Collect$$libshutdown$$00000000  c_p.l(libshutdown.o)
    0x00016142   0x00000000   Code   RO          936    .ARM.Collect$$libshutdown$$00000002  c_p.l(libshutdown2.o)
    0x00016142   0x00000000   Code   RO          938    .ARM.Collect$$libshutdown$$00000004  c_p.l(libshutdown2.o)
    0x00016142   0x00000000   Code   RO          941    .ARM.Collect$$libshutdown$$00000007  c_p.l(libshutdown2.o)
    0x00016142   0x00000000   Code   RO          944    .ARM.Collect$$libshutdown$$0000000A  c_p.l(libshutdown2.o)
    0x00016142   0x00000000   Code   RO          946    .ARM.Collect$$libshutdown$$0000000C  c_p.l(libshutdown2.o)
    0x00016142   0x00000000   Code   RO          949    .ARM.Collect$$libshutdown$$0000000F  c_p.l(libshutdown2.o)
    0x00016142   0x00000002   Code   RO          950    .ARM.Collect$$libshutdown$$00000010  c_p.l(libshutdown2.o)
    0x00016144   0x00000000   Code   RO          786    .ARM.Collect$$rtentry$$00000000  c_p.l(__rtentry.o)
    0x00016144   0x00000000   Code   RO          792    .ARM.Collect$$rtentry$$00000002  c_p.l(__rtentry2.o)
    0x00016144   0x00000006   Code   RO          804    .ARM.Collect$$rtentry$$00000004  c_p.l(__rtentry4.o)
    0x0001614a   0x00000000   Code   RO          794    .ARM.Collect$$rtentry$$00000009  c_p.l(__rtentry2.o)
    0x0001614a   0x00000004   Code   RO          795    .ARM.Collect$$rtentry$$0000000A  c_p.l(__rtentry2.o)
    0x0001614e   0x00000000   Code   RO          797    .ARM.Collect$$rtentry$$0000000C  c_p.l(__rtentry2.o)
    0x0001614e   0x00000008   Code   RO          798    .ARM.Collect$$rtentry$$0000000D  c_p.l(__rtentry2.o)
    0x00016156   0x00000002   Code   RO          827    .ARM.Collect$$rtexit$$00000000  c_p.l(rtexit.o)
    0x00016158   0x00000000   Code   RO          883    .ARM.Collect$$rtexit$$00000002  c_p.l(rtexit2.o)
    0x00016158   0x00000004   Code   RO          884    .ARM.Collect$$rtexit$$00000003  c_p.l(rtexit2.o)
    0x0001615c   0x00000006   Code   RO          885    .ARM.Collect$$rtexit$$00000004  c_p.l(rtexit2.o)
    0x00016162   0x00000002   PAD
    0x00016164   0x0000001e   Code   RO          460    .emb_text           app_timer.o
    0x00016182   0x00000002   PAD
    0x00016184   0x00000038   Code   RO          770    .emb_text           c_p.l(rt_memcpy.o)
    0x000161bc   0x000007c4   Code   RO            3    .text               main.o
    0x00016980   0x0000015c   Code   RO          200    .text               led.o
    0x00016adc   0x00000244   Code   RO          269    .text               ble_control.o
    0x00016d20   0x00000cbc   Code   RO          334    .text               pstorage.o
    0x000179dc   0x00000600   Code   RO          400    .text               ble_advdata.o
    0x00017fdc   0x00000258   Code   RO          423    .text               app_scheduler.o
    0x00018234   0x00000b18   Code   RO          461    .text               app_timer.o
    0x00018d4c   0x00000308   Code   RO          505    .text               ble_conn_params.o
    0x00019054   0x000001c8   Code   RO          541    .text               softdevice_handler.o
    0x0001921c   0x000002a0   Code   RO          602    .text               app_button.o
    0x000194bc   0x0000046c   Code   RO          636    .text               app_gpiote.o
    0x00019928   0x00000804   Code   RO          696    .text               segger_rtt.o
    0x0001a12c   0x000004a4   Code   RO          715    .text               segger_rtt_printf.o
    0x0001a5d0   0x00000054   Code   RO          734    .text               arm_startup_nrf51.o
    0x0001a624   0x000000e8   Code   RO          740    .text               system_nrf51.o
    0x0001a70c   0x0000004c   Code   RO          766    .text               c_p.l(strcpy.o)
    0x0001a758   0x00000044   Code   RO          768    .text               c_p.l(strlen.o)
    0x0001a79c   0x00000082   Code   RO          771    .text               c_p.l(rt_memcpy.o)
    0x0001a81e   0x00000040   Code   RO          774    .text               c_p.l(rt_memclr.o)
    0x0001a85e   0x0000015a   Code   RO          778    .text               c_p.l(aeabi_sdiv.o)
    0x0001a9b8   0x00000006   Code   RO          782    .text               c_p.l(heapauxi.o)
    0x0001a9be   0x0000003e   Code   RO          808    .text               c_p.l(sys_stackheap_outer.o)
    0x0001a9fc   0x00000010   Code   RO          811    .text               c_p.l(exit.o)
    0x0001aa0c   0x00000008   Code   RO          823    .text               c_p.l(libspace.o)
    0x0001aa14   0x0000000c   Code   RO          880    .text               c_p.l(sys_exit.o)
    0x0001aa20   0x00000002   Code   RO          899    .text               c_p.l(use_no_semi.o)
    0x0001aa22   0x00000000   Code   RO          901    .text               c_p.l(indicate_semi.o)
    0x0001aa22   0x0000001c   Code   RO          352    i.__ARM_common_switch8  pstorage.o
    0x0001aa3e   0x00000002   PAD
    0x0001aa40   0x00000010   Data   RO          270    .constdata          ble_control.o
    0x0001aa50   0x00000010   Data   RO          716    .constdata          segger_rtt_printf.o
    0x0001aa60   0x00000020   Data   RO          951    Region$$Table       anon$$obj.o


    Execution Region RW_IRAM1 (Base: 0x20002000, Size: 0x00001c20, Max: 0x00002000, ABSOLUTE)

    Base Addr    Size         Type   Attr      Idx    E Section Name        Object

    0x20002000   0x0000001c   Data   RW            5    .data               main.o
    0x2000201c   0x0000000c   Data   RW          336    .data               pstorage.o
    0x20002028   0x0000000e   Data   RW          424    .data               app_scheduler.o
    0x20002036   0x00000002   PAD
    0x20002038   0x00000029   Data   RW          462    .data               app_timer.o
    0x20002061   0x00000003   PAD
    0x20002064   0x00000019   Data   RW          507    .data               ble_conn_params.o
    0x2000207d   0x00000003   PAD
    0x20002080   0x00000014   Data   RW          542    .data               softdevice_handler.o
    0x20002094   0x00000020   Data   RW          603    .data               app_button.o
    0x200020b4   0x0000000c   Data   RW          637    .data               app_gpiote.o
    0x200020c0   0x00000011   Data   RW          698    .data               segger_rtt.o
    0x200020d1   0x00000003   PAD
    0x200020d4   0x00000004   Data   RW          741    .data               system_nrf51.o
    0x200020d8   0x000003c4   Zero   RW            4    .bss                main.o
    0x2000249c   0x0000027c   Zero   RW          335    .bss                pstorage.o
    0x20002718   0x0000001c   Zero   RW          506    .bss                ble_conn_params.o
    0x20002734   0x00000488   Zero   RW          697    .bss                segger_rtt.o
    0x20002bbc   0x00000060   Zero   RW          824    .bss                c_p.l(libspace.o)
    0x20002c1c   0x00000004   PAD
    0x20002c20   0x00000800   Zero   RW          732    HEAP                arm_startup_nrf51.o
    0x20003420   0x00000800   Zero   RW          731    STACK               arm_startup_nrf51.o


==============================================================================

Image component sizes


      Code (inc. data)   RO Data    RW Data    ZI Data      Debug   Object Name

       672         72          0         32          0       8360   app_button.o
      1132         40          0         12          0      12310   app_gpiote.o
       600         78          0         14          0      12707   app_scheduler.o
      2870        190          0         41          0      24197   app_timer.o
        84         36        192          0       4096        636   arm_startup_nrf51.o
      1536          4          0          0          0       9962   ble_advdata.o
       776         38          0         25         28      13486   ble_conn_params.o
       580         36         16          0          0      26425   ble_control.o
         0          0          0          0          0       3992   ble_srv_common.o
       348         44          0          0          0       4753   led.o
      1988        232          0         28        964      56809   main.o
      3288         94          0         12        636      28030   pstorage.o
      2052         56          0         17       1160      12130   segger_rtt.o
      1188          6         16          0          0       4707   segger_rtt_printf.o
       456         74          0         20          0      34956   softdevice_handler.o
       232         30          0          4          0       1225   system_nrf51.o

    ----------------------------------------------------------------------
     17806       1030        256        216       6884     254685   Object Totals
         0          0         32          0          0          0   (incl. Generated)
         4          0          0         11          0          0   (incl. Padding)

    ----------------------------------------------------------------------

      Code (inc. data)   RO Data    RW Data    ZI Data      Debug   Library Member Name

         8          0          0          0          0         68   __main.o
         0          0          0          0          0          0   __rtentry.o
        12          0          0          0          0          0   __rtentry2.o
         6          0          0          0          0          0   __rtentry4.o
        60          8          0          0          0          0   __scatter.o
        26          0          0          0          0          0   __scatter_copy.o
        28          0          0          0          0          0   __scatter_zi.o
       346          0          0          0          0         92   aeabi_sdiv.o
        16          0          0          0          0         68   exit.o
         6          0          0          0          0        136   heapauxi.o
         0          0          0          0          0          0   indicate_semi.o
         2          0          0          0          0          0   libinit.o
         2          0          0          0          0          0   libinit2.o
         2          0          0          0          0          0   libshutdown.o
         2          0          0          0          0          0   libshutdown2.o
         8          4          0          0         96         68   libspace.o
        64          0          0          0          0        108   rt_memclr.o
       186          0          0          0          0        144   rt_memcpy.o
         2          0          0          0          0          0   rtexit.o
        10          0          0          0          0          0   rtexit2.o
        76          6          0          0          0         72   strcpy.o
        68          6          0          0          0         72   strlen.o
        12          4          0          0          0         60   sys_exit.o
        62          0          0          0          0         80   sys_stackheap_outer.o
         2          0          0          0          0         68   use_no_semi.o

    ----------------------------------------------------------------------
      1010         28          0          0        100       1036   Library Totals
         4          0          0          0          4          0   (incl. Padding)

    ----------------------------------------------------------------------

      Code (inc. data)   RO Data    RW Data    ZI Data      Debug   Library Name

      1006         28          0          0         96       1036   c_p.l

    ----------------------------------------------------------------------
      1010         28          0          0        100       1036   Library Totals

    ----------------------------------------------------------------------

==============================================================================


      Code (inc. data)   RO Data    RW Data    ZI Data      Debug   

     18816       1058        256        216       6984     254549   Grand Totals
     18816       1058        256        216       6984     254549   ELF Image Totals
     18816       1058        256        216          0          0   ROM Totals

==============================================================================

    Total RO  Size (Code + RO Data)                19072 (  18.63kB)
    Total RW  Size (RW Data + ZI Data)              7200 (   7.03kB)
    Total ROM Size (Code + RO Data + RW Data)      19288 (  18.84kB)

==============================================================================

